2026-08-31 05:40:07.460: [INFO] CurrentProfilePath: C:\Users\SSAFY\Desktop\java_algorism\.metadata\.plugins\org.eclipse.swt\EBWebView\Default
2026-08-31 05:40:07.460: [INFO] Profiles total count: 1
2026-08-31 05:40:07.460: [INFO] Profile: name=프로필 1 path=C:\Users\SSAFY\Desktop\java_algorism\.metadata\.plugins\org.eclipse.swt\EBWebView\Default lastActive=null
2026-08-31 05:40:07.461: [INFO] LastUsedProfileDir: C:\Users\SSAFY\Desktop\java_algorism\.metadata\.plugins\org.eclipse.swt\EBWebView\Default
2026-08-31 05:40:07.461: [INFO] OnDoneLoading sync enabled: 0
2026-08-31 05:40:07.461: [INFO] BookmarkModelLoaded, ids_reassigned: 0
2026-08-31 05:40:07.461: [INFO] BookmarksLoadDropped droppedNodes=0
2026-08-31 05:40:07.461: [INFO] BookmarksSnapshot Startup total=0 bar=0 other=0 mobile=0 showBar=0 showBarNTP=1
2026-08-31 05:40:07.564: [INFO] BookmarksSnapshot Shutdown total=0 bar=0 other=0 mobile=0 showBar=0 showBarNTP=1
2026-08-31 06:32:36.276: [INFO] CurrentProfilePath: C:\Users\SSAFY\Desktop\java_algorism\.metadata\.plugins\org.eclipse.swt\EBWebView\Default
2026-08-31 06:32:36.276: [INFO] Profiles total count: 1
2026-08-31 06:32:36.276: [INFO] Profile: name=프로필 1 path=C:\Users\SSAFY\Desktop\java_algorism\.metadata\.plugins\org.eclipse.swt\EBWebView\Default lastActive=null
2026-08-31 06:32:36.276: [INFO] LastUsedProfileDir: C:\Users\SSAFY\Desktop\java_algorism\.metadata\.plugins\org.eclipse.swt\EBWebView\Default
2026-08-31 06:32:36.276: [INFO] OnDoneLoading sync enabled: 0
2026-08-31 06:32:36.276: [INFO] BookmarkModelLoaded, ids_reassigned: 0
2026-08-31 06:32:36.276: [INFO] BookmarksLoadDropped droppedNodes=0
2026-08-31 06:32:36.276: [INFO] BookmarksSnapshot Startup total=0 bar=0 other=0 mobile=0 showBar=0 showBarNTP=1
2026-08-31 06:46:03.164: [INFO] BookmarksSnapshot Shutdown total=0 bar=0 other=0 mobile=0 showBar=0 showBarNTP=1
2026-09-01 00:51:43.131: [INFO] CurrentProfilePath: C:\Users\SSAFY\Desktop\java_algorism\.metadata\.plugins\org.eclipse.swt\EBWebView\Default
2026-09-01 00:51:43.131: [INFO] Profiles total count: 1
2026-09-01 00:51:43.131: [INFO] Profile: name=프로필 1 path=C:\Users\SSAFY\Desktop\java_algorism\.metadata\.plugins\org.eclipse.swt\EBWebView\Default lastActive=null
2026-09-01 00:51:43.131: [INFO] LastUsedProfileDir: C:\Users\SSAFY\Desktop\java_algorism\.metadata\.plugins\org.eclipse.swt\EBWebView\Default
2026-09-01 00:51:43.131: [INFO] OnDoneLoading sync enabled: 0
2026-09-01 00:51:43.131: [INFO] BookmarkModelLoaded, ids_reassigned: 0
2026-09-01 00:51:43.131: [INFO] BookmarksLoadDropped droppedNodes=0
2026-09-01 00:51:43.131: [INFO] BookmarksSnapshot Startup total=0 bar=0 other=0 mobile=0 showBar=0 showBarNTP=1
2026-09-01 01:01:06.095: [INFO] BookmarksSnapshot Shutdown total=0 bar=0 other=0 mobile=0 showBar=0 showBarNTP=1
2026-09-01 01:01:17.008: [INFO] CurrentProfilePath: C:\Users\SSAFY\Desktop\java_algorism\.metadata\.plugins\org.eclipse.swt\EBWebView\Default
2026-09-01 01:01:17.008: [INFO] Profiles total count: 1
2026-09-01 01:01:17.008: [INFO] Profile: name=프로필 1 path=C:\Users\SSAFY\Desktop\java_algorism\.metadata\.plugins\org.eclipse.swt\EBWebView\Default lastActive=null
2026-09-01 01:01:17.008: [INFO] LastUsedProfileDir: C:\Users\SSAFY\Desktop\java_algorism\.metadata\.plugins\org.eclipse.swt\EBWebView\Default
2026-09-01 01:01:17.008: [INFO] OnDoneLoading sync enabled: 0
2026-09-01 01:01:17.008: [INFO] BookmarkModelLoaded, ids_reassigned: 0
2026-09-01 01:01:17.008: [INFO] BookmarksLoadDropped droppedNodes=0
2026-09-01 01:01:17.008: [INFO] BookmarksSnapshot Startup total=0 bar=0 other=0 mobile=0 showBar=0 showBarNTP=1
2026-09-01 01:06:26.024: [INFO] BookmarksSnapshot Shutdown total=0 bar=0 other=0 mobile=0 showBar=0 showBarNTP=1
2026-09-01 01:07:33.764: [INFO] CurrentProfilePath: C:\Users\SSAFY\Desktop\java_algorism\.metadata\.plugins\org.eclipse.swt\EBWebView\Default
2026-09-01 01:07:33.764: [INFO] Profiles total count: 1
2026-09-01 01:07:33.764: [INFO] Profile: name=프로필 1 path=C:\Users\SSAFY\Desktop\java_algorism\.metadata\.plugins\org.eclipse.swt\EBWebView\Default lastActive=null
2026-09-01 01:07:33.764: [INFO] LastUsedProfileDir: C:\Users\SSAFY\Desktop\java_algorism\.metadata\.plugins\org.eclipse.swt\EBWebView\Default
2026-09-01 01:07:33.764: [INFO] OnDoneLoading sync enabled: 0
2026-09-01 01:07:33.764: [INFO] BookmarkModelLoaded, ids_reassigned: 0
2026-09-01 01:07:33.764: [INFO] BookmarksLoadDropped droppedNodes=0
2026-09-01 01:07:33.764: [INFO] BookmarksSnapshot Startup total=0 bar=0 other=0 mobile=0 showBar=0 showBarNTP=1
2026-09-01 01:07:33.850: [INFO] BookmarksSnapshot Shutdown total=0 bar=0 other=0 mobile=0 showBar=0 showBarNTP=1
2026-09-01 01:08:58.026: [INFO] CurrentProfilePath: C:\Users\SSAFY\Desktop\java_algorism\.metadata\.plugins\org.eclipse.swt\EBWebView\Default
2026-09-01 01:08:58.026: [INFO] Profiles total count: 1
2026-09-01 01:08:58.026: [INFO] Profile: name=프로필 1 path=C:\Users\SSAFY\Desktop\java_algorism\.metadata\.plugins\org.eclipse.swt\EBWebView\Default lastActive=null
2026-09-01 01:08:58.026: [INFO] LastUsedProfileDir: C:\Users\SSAFY\Desktop\java_algorism\.metadata\.plugins\org.eclipse.swt\EBWebView\Default
2026-09-01 01:08:58.026: [INFO] OnDoneLoading sync enabled: 0
2026-09-01 01:08:58.026: [INFO] BookmarkModelLoaded, ids_reassigned: 0
2026-09-01 01:08:58.026: [INFO] BookmarksLoadDropped droppedNodes=0
2026-09-01 01:08:58.026: [INFO] BookmarksSnapshot Startup total=0 bar=0 other=0 mobile=0 showBar=0 showBarNTP=1
2026-09-01 01:14:34.008: [INFO] BookmarksSnapshot Shutdown total=0 bar=0 other=0 mobile=0 showBar=0 showBarNTP=1
2026-09-01 01:14:34.060: [INFO] CurrentProfilePath: C:\Users\SSAFY\Desktop\java_algorism\.metadata\.plugins\org.eclipse.swt\EBWebView\Default
2026-09-01 01:14:34.060: [INFO] Profiles total count: 1
2026-09-01 01:14:34.060: [INFO] Profile: name=프로필 1 path=C:\Users\SSAFY\Desktop\java_algorism\.metadata\.plugins\org.eclipse.swt\EBWebView\Default lastActive=null
2026-09-01 01:14:34.060: [INFO] LastUsedProfileDir: C:\Users\SSAFY\Desktop\java_algorism\.metadata\.plugins\org.eclipse.swt\EBWebView\Default
2026-09-01 01:14:34.060: [INFO] OnDoneLoading sync enabled: 0
2026-09-01 01:14:34.060: [INFO] BookmarkModelLoaded, ids_reassigned: 0
2026-09-01 01:14:34.060: [INFO] BookmarksLoadDropped droppedNodes=0
2026-09-01 01:14:34.060: [INFO] BookmarksSnapshot Startup total=0 bar=0 other=0 mobile=0 showBar=0 showBarNTP=1
2026-09-01 01:36:01.876: [INFO] BookmarksSnapshot Shutdown total=0 bar=0 other=0 mobile=0 showBar=0 showBarNTP=1
2026-09-01 05:26:36.183: [INFO] CurrentProfilePath: C:\Users\SSAFY\Desktop\java_algorism\.metadata\.plugins\org.eclipse.swt\EBWebView\Default
2026-09-01 05:26:36.184: [INFO] Profiles total count: 1
2026-09-01 05:26:36.184: [INFO] Profile: name=프로필 1 path=C:\Users\SSAFY\Desktop\java_algorism\.metadata\.plugins\org.eclipse.swt\EBWebView\Default lastActive=null
2026-09-01 05:26:36.184: [INFO] LastUsedProfileDir: C:\Users\SSAFY\Desktop\java_algorism\.metadata\.plugins\org.eclipse.swt\EBWebView\Default
2026-09-01 05:26:36.184: [INFO] OnDoneLoading sync enabled: 0
2026-09-01 05:26:36.184: [INFO] BookmarkModelLoaded, ids_reassigned: 0
2026-09-01 05:26:36.184: [INFO] BookmarksLoadDropped droppedNodes=0
2026-09-01 05:26:36.184: [INFO] BookmarksSnapshot Startup total=0 bar=0 other=0 mobile=0 showBar=0 showBarNTP=1
2026-09-01 05:26:37.316: [INFO] BookmarksSnapshot Shutdown total=0 bar=0 other=0 mobile=0 showBar=0 showBarNTP=1
2026-09-01 05:44:52.607: [INFO] CurrentProfilePath: C:\Users\SSAFY\Desktop\java_algorism\.metadata\.plugins\org.eclipse.swt\EBWebView\Default
2026-09-01 05:44:52.607: [INFO] Profiles total count: 1
2026-09-01 05:44:52.607: [INFO] Profile: name=프로필 1 path=C:\Users\SSAFY\Desktop\java_algorism\.metadata\.plugins\org.eclipse.swt\EBWebView\Default lastActive=null
2026-09-01 05:44:52.607: [INFO] LastUsedProfileDir: C:\Users\SSAFY\Desktop\java_algorism\.metadata\.plugins\org.eclipse.swt\EBWebView\Default
2026-09-01 05:44:52.607: [INFO] OnDoneLoading sync enabled: 0
2026-09-01 05:44:52.607: [INFO] BookmarkModelLoaded, ids_reassigned: 0
2026-09-01 05:44:52.607: [INFO] BookmarksLoadDropped droppedNodes=0
2026-09-01 05:44:52.607: [INFO] BookmarksSnapshot Startup total=0 bar=0 other=0 mobile=0 showBar=0 showBarNTP=1
2026-09-01 05:44:52.696: [INFO] BookmarksSnapshot Shutdown total=0 bar=0 other=0 mobile=0 showBar=0 showBarNTP=1
2026-09-01 05:46:13.074: [INFO] CurrentProfilePath: C:\Users\SSAFY\Desktop\java_algorism\.metadata\.plugins\org.eclipse.swt\EBWebView\Default
2026-09-01 05:46:13.074: [INFO] Profiles total count: 1
2026-09-01 05:46:13.074: [INFO] Profile: name=프로필 1 path=C:\Users\SSAFY\Desktop\java_algorism\.metadata\.plugins\org.eclipse.swt\EBWebView\Default lastActive=null
2026-09-01 05:46:13.074: [INFO] LastUsedProfileDir: C:\Users\SSAFY\Desktop\java_algorism\.metadata\.plugins\org.eclipse.swt\EBWebView\Default
2026-09-01 05:46:13.074: [INFO] OnDoneLoading sync enabled: 0
2026-09-01 05:46:13.074: [INFO] BookmarkModelLoaded, ids_reassigned: 0
2026-09-01 05:46:13.074: [INFO] BookmarksLoadDropped droppedNodes=0
2026-09-01 05:46:13.074: [INFO] BookmarksSnapshot Startup total=0 bar=0 other=0 mobile=0 showBar=0 showBarNTP=1
2026-09-01 05:46:13.164: [INFO] BookmarksSnapshot Shutdown total=0 bar=0 other=0 mobile=0 showBar=0 showBarNTP=1
2026-09-01 05:46:16.733: [INFO] CurrentProfilePath: C:\Users\SSAFY\Desktop\java_algorism\.metadata\.plugins\org.eclipse.swt\EBWebView\Default
2026-09-01 05:46:16.733: [INFO] Profiles total count: 1
2026-09-01 05:46:16.733: [INFO] Profile: name=프로필 1 path=C:\Users\SSAFY\Desktop\java_algorism\.metadata\.plugins\org.eclipse.swt\EBWebView\Default lastActive=null
2026-09-01 05:46:16.733: [INFO] LastUsedProfileDir: C:\Users\SSAFY\Desktop\java_algorism\.metadata\.plugins\org.eclipse.swt\EBWebView\Default
2026-09-01 05:46:16.733: [INFO] OnDoneLoading sync enabled: 0
2026-09-01 05:46:16.733: [INFO] BookmarkModelLoaded, ids_reassigned: 0
2026-09-01 05:46:16.733: [INFO] BookmarksLoadDropped droppedNodes=0
2026-09-01 05:46:16.733: [INFO] BookmarksSnapshot Startup total=0 bar=0 other=0 mobile=0 showBar=0 showBarNTP=1
2026-09-01 05:46:16.826: [INFO] BookmarksSnapshot Shutdown total=0 bar=0 other=0 mobile=0 showBar=0 showBarNTP=1
2026-09-01 05:49:02.466: [INFO] CurrentProfilePath: C:\Users\SSAFY\Desktop\java_algorism\.metadata\.plugins\org.eclipse.swt\EBWebView\Default
2026-09-01 05:49:02.466: [INFO] Profiles total count: 1
2026-09-01 05:49:02.466: [INFO] Profile: name=프로필 1 path=C:\Users\SSAFY\Desktop\java_algorism\.metadata\.plugins\org.eclipse.swt\EBWebView\Default lastActive=null
2026-09-01 05:49:02.466: [INFO] LastUsedProfileDir: C:\Users\SSAFY\Desktop\java_algorism\.metadata\.plugins\org.eclipse.swt\EBWebView\Default
2026-09-01 05:49:02.466: [INFO] OnDoneLoading sync enabled: 0
2026-09-01 05:49:02.466: [INFO] BookmarkModelLoaded, ids_reassigned: 0
2026-09-01 05:49:02.466: [INFO] BookmarksLoadDropped droppedNodes=0
2026-09-01 05:49:02.466: [INFO] BookmarksSnapshot Startup total=0 bar=0 other=0 mobile=0 showBar=0 showBarNTP=1
2026-09-01 05:49:06.429: [INFO] BookmarksSnapshot Shutdown total=0 bar=0 other=0 mobile=0 showBar=0 showBarNTP=1
2026-09-01 06:18:26.309: [INFO] CurrentProfilePath: C:\Users\SSAFY\Desktop\java_algorism\.metadata\.plugins\org.eclipse.swt\EBWebView\Default
2026-09-01 06:18:26.309: [INFO] Profiles total count: 1
2026-09-01 06:18:26.309: [INFO] Profile: name=프로필 1 path=C:\Users\SSAFY\Desktop\java_algorism\.metadata\.plugins\org.eclipse.swt\EBWebView\Default lastActive=null
2026-09-01 06:18:26.309: [INFO] LastUsedProfileDir: C:\Users\SSAFY\Desktop\java_algorism\.metadata\.plugins\org.eclipse.swt\EBWebView\Default
2026-09-01 06:18:26.309: [INFO] OnDoneLoading sync enabled: 0
2026-09-01 06:18:26.309: [INFO] BookmarkModelLoaded, ids_reassigned: 0
2026-09-01 06:18:26.309: [INFO] BookmarksLoadDropped droppedNodes=0
2026-09-01 06:18:26.309: [INFO] BookmarksSnapshot Startup total=0 bar=0 other=0 mobile=0 showBar=0 showBarNTP=1
2026-09-01 06:29:23.593: [INFO] BookmarksSnapshot Shutdown total=0 bar=0 other=0 mobile=0 showBar=0 showBarNTP=1
2026-09-01 06:40:51.391: [INFO] CurrentProfilePath: C:\Users\SSAFY\Desktop\java_algorism\.metadata\.plugins\org.eclipse.swt\EBWebView\Default
2026-09-01 06:40:51.391: [INFO] Profiles total count: 1
2026-09-01 06:40:51.391: [INFO] Profile: name=프로필 1 path=C:\Users\SSAFY\Desktop\java_algorism\.metadata\.plugins\org.eclipse.swt\EBWebView\Default lastActive=null
2026-09-01 06:40:51.391: [INFO] LastUsedProfileDir: C:\Users\SSAFY\Desktop\java_algorism\.metadata\.plugins\org.eclipse.swt\EBWebView\Default
2026-09-01 06:40:51.391: [INFO] OnDoneLoading sync enabled: 0
2026-09-01 06:40:51.391: [INFO] BookmarkModelLoaded, ids_reassigned: 0
2026-09-01 06:40:51.391: [INFO] BookmarksLoadDropped droppedNodes=0
2026-09-01 06:40:51.391: [INFO] BookmarksSnapshot Startup total=0 bar=0 other=0 mobile=0 showBar=0 showBarNTP=1
2026-09-01 06:49:33.202: [INFO] BookmarksSnapshot Shutdown total=0 bar=0 other=0 mobile=0 showBar=0 showBarNTP=1
